[    0.000000] Initializing cgroup subsys cpuset
[    0.000000] Initializing cgroup subsys cpu
[    0.000000] Initializing cgroup subsys cpuacct
[    0.000000] Linux version 4.4.0-210-generic (buildd@lgw01-amd64-009) (gcc version 5.4.0 20160609 (Ubuntu 5.4.0-6ubuntu1~16.04.12) ) #242-Ubuntu SMP Fri Apr 16 09:57:56 UTC 2021 (Ubuntu 4.4.0-210.242-generic 4.4.262)
[    0.000000] Command line: BOOT_IMAGE=/boot/vmlinuz-4.4.0-210-generic root=LABEL=cloudimg-rootfs ro console=tty1 console=ttyS0
[    0.000000] KERNEL supported cpus:
[    0.000000]   Intel GenuineIntel
[    0.000000]   AMD AuthenticAMD
[    0.000000]   Centaur CentaurHauls
[    0.000000] x86/fpu: Legacy x87 FPU detected.
[    0.000000] e820: BIOS-provided physical RAM map:
[    0.000000] BIOS-e820: [mem 0x0000000000000000-0x000000000009fbff] usable
[    0.000000] BIOS-e820: [mem 0x000000000009fc00-0x000000000009ffff] reserved
[    0.000000] BIOS-e820: [mem 0x00000000000f0000-0x00000000000fffff] reserved
[    0.000000] BIOS-e820: [mem 0x0000000000100000-0x000000003ffeffff] usable
[    0.000000] BIOS-e820: [mem 0x000000003fff0000-0x000000003fffffff] ACPI data
[    0.000000] BIOS-e820: [mem 0x00000000fec00000-0x00000000fec00fff] reserved
[    0.000000] BIOS-e820: [mem 0x00000000fee00000-0x00000000fee00fff] reserved
[    0.000000] BIOS-e820: [mem 0x00000000fffc0000-0x00000000ffffffff] reserved
[    0.000000] NX (Execute Disable) protection: active
[    0.000000] SMBIOS 2.5 present.
[    0.000000] Hypervisor detected: KVM
[    0.000000] Kernel/User page tables isolation: disabled
[    0.000000] e820: last_pfn = 0x3fff0 max_arch_pfn = 0x400000000
[    0.000000] MTRR: Disabled
[    0.000000] x86/PAT: MTRRs disabled, skipping PAT initialization too.
[    0.000000] CPU MTRRs all blank - virtualized system.
[    0.000000] x86/PAT: Configuration [0-7]: WB  WT  UC- UC  WB  WT  UC- UC  
[    0.000000] found SMP MP-table at [mem 0x0009fff0-0x0009ffff] mapped at [ffff88000009fff0]
[    0.000000] Scanning 1 areas for low memory corruption
[    0.000000] RAMDISK: [mem 0x362dc000-0x37165fff]
[    0.000000] ACPI: Early table checksum verification disabled
[    0.000000] ACPI: RSDP 0x00000000000E0000 000024 (v02 VBOX  )
[    0.000000] ACPI: XSDT 0x000000003FFF0030 00003C (v01 VBOX   VBOXXSDT 00000001 ASL  00000061)
[    0.000000] ACPI: FACP 0x000000003FFF00F0 0000F4 (v04 VBOX   VBOXFACP 00000001 ASL  00000061)
[    0.000000] ACPI: DSDT 0x000000003FFF0470 002325 (v02 VBOX   VBOXBIOS 00000002 INTL 20100528)
[    0.000000] ACPI: FACS 0x000000003FFF0200 000040
[    0.000000] ACPI: FACS 0x000000003FFF0200 000040
[    0.000000] ACPI: APIC 0x000000003FFF0240 00005C (v02 VBOX   VBOXAPIC 00000001 ASL  00000061)
[    0.000000] ACPI: SSDT 0x000000003FFF02A0 0001CC (v01 VBOX   VBOXCPUT 00000002 INTL 20100528)
[    0.000000] No NUMA configuration found
[    0.000000] Faking a node at [mem 0x0000000000000000-0x000000003ffeffff]
[    0.000000] NODE_DATA(0) allocated [mem 0x3ffeb000-0x3ffeffff]
[    0.000000] kvm-clock: Using msrs 4b564d01 and 4b564d00
[    0.000000] kvm-clock: cpu 0, msr 0:3ffe3001, primary cpu clock
[    0.000000] kvm-clock: using sched offset of 4054192514 cycles
[    0.000000] clocksource: kvm-clock: mask: 0xffffffffffffffff max_cycles: 0x1cd42e4dffb, max_idle_ns: 881590591483 ns
[    0.000000] Zone ranges:
[    0.000000]   DMA      [mem 0x0000000000001000-0x0000000000ffffff]
[    0.000000]   DMA32    [mem 0x0000000001000000-0x000000003ffeffff]
[    0.000000]   Normal   empty
[    0.000000]   Device   empty
[    0.000000] Movable zone start for each node
[    0.000000] Early memory node ranges
[    0.000000]   node   0: [mem 0x0000000000001000-0x000000000009efff]
[    0.000000]   node   0: [mem 0x0000000000100000-0x000000003ffeffff]
[    0.000000] Initmem setup node 0 [mem 0x0000000000001000-0x000000003ffeffff]
[    0.000000] ACPI: PM-Timer IO Port: 0x4008
[    0.000000] IOAPIC[0]: apic_id 2, version 32, address 0xfec00000, GSI 0-23
[    0.000000] ACPI: INT_SRC_OVR (bus 0 bus_irq 0 global_irq 2 dfl dfl)
[    0.000000] ACPI: INT_SRC_OVR (bus 0 bus_irq 9 global_irq 9 low level)
[    0.000000] Using ACPI (MADT) for SMP configuration information
[    0.000000] smpboot: Allowing 2 CPUs, 0 hotplug CPUs
[    0.000000] PM: Registered nosave memory: [mem 0x00000000-0x00000fff]
[    0.000000] PM: Registered nosave memory: [mem 0x0009f000-0x0009ffff]
[    0.000000] PM: Registered nosave memory: [mem 0x000a0000-0x000effff]
[    0.000000] PM: Registered nosave memory: [mem 0x000f0000-0x000fffff]
[    0.000000] e820: [mem 0x40000000-0xfebfffff] available for PCI devices
[    0.000000] Booting paravirtualized kernel on KVM
[    0.000000] clocksource: refined-jiffies: mask: 0xffffffff max_cycles: 0xffffffff, max_idle_ns: 7645519600211568 ns
[    0.000000] setup_percpu: NR_CPUS:512 nr_cpumask_bits:512 nr_cpu_ids:2 nr_node_ids:1
[    0.000000] PERCPU: Embedded 33 pages/cpu @ffff88003fc00000 s95192 r8192 d31784 u1048576
[    0.000000] Built 1 zonelists in Node order, mobility grouping on.  Total pages: 257912
[    0.000000] Policy zone: DMA32
[    0.000000] Kernel command line: BOOT_IMAGE=/boot/vmlinuz-4.4.0-210-generic root=LABEL=cloudimg-rootfs ro console=tty1 console=ttyS0
[    0.000000] PID hash table entries: 4096 (order: 3, 32768 bytes)
[    0.000000] Memory: 997792K/1048120K available (8644K kernel code, 1332K rwdata, 4044K rodata, 1492K init, 1164K bss, 50328K reserved, 0K cma-reserved)
[    0.000000] SLUB: HWalign=64, Order=0-3, MinObjects=0, CPUs=2, Nodes=1
[    0.000000] Hierarchical RCU implementation.
[    0.000000] 	Build-time adjustment of leaf fanout to 64.
[    0.000000] 	RCU restricting CPUs from NR_CPUS=512 to nr_cpu_ids=2.
[    0.000000] RCU: Adjusting geometry for rcu_fanout_leaf=64, nr_cpu_ids=2
[    0.000000] NR_IRQS:33024 nr_irqs:440 16
[    0.000000] Console: colour VGA+ 80x25
[    0.000000] console [tty1] enabled
[    0.000000] console [ttyS0] enabled
[    0.000000] tsc: Detected 1992.008 MHz processor
[    0.708694] Calibrating delay loop (skipped) preset value.. 3984.01 BogoMIPS (lpj=7968032)
[    0.720700] pid_max: default: 32768 minimum: 301
[    0.726689] ACPI: Core revision 20150930
[    0.732818] ACPI: 2 ACPI AML tables successfully acquired and loaded
[    0.746447] Security Framework initialized
[    0.755973] Yama: becoming mindful.
[    0.763435] AppArmor: AppArmor initialized
[    0.770160] Dentry cache hash table entries: 131072 (order: 8, 1048576 bytes)
[    0.787570] Inode-cache hash table entries: 65536 (order: 7, 524288 bytes)
[    0.797142] Mount-cache hash table entries: 2048 (order: 2, 16384 bytes)
[    0.809586] Mountpoint-cache hash table entries: 2048 (order: 2, 16384 bytes)
[    0.822006] Initializing cgroup subsys io
[    0.827997] Initializing cgroup subsys memory
[    0.833026] Initializing cgroup subsys devices
[    0.841546] Initializing cgroup subsys freezer
[    0.850378] Initializing cgroup subsys net_cls
[    0.857602] Initializing cgroup subsys perf_event
[    0.863684] Initializing cgroup subsys net_prio
[    0.871384] Initializing cgroup subsys hugetlb
[    0.879427] Initializing cgroup subsys pids
[    0.889491] mce: CPU supports 0 MCE banks
[    0.894581] Last level iTLB entries: 4KB 64, 2MB 8, 4MB 8
[    0.903423] Last level dTLB entries: 4KB 64, 2MB 0, 4MB 0, 1GB 4
[    0.912553] Spectre V1 : Mitigation: usercopy/swapgs barriers and __user pointer sanitization
[    0.925541] Spectre V2 : Mitigation: Enhanced IBRS
[    0.932688] Spectre V2 : Spectre v2 / SpectreRSB mitigation: Filling RSB on context switch
[    0.944318] Speculative Store Bypass: Vulnerable
[    0.996392] Freeing SMP alternatives memory: 36K
[    1.100998] ftrace: allocating 32380 entries in 127 pages
[    1.798439] smpboot: APIC(0) Converting physical 0 to logical package 0
[    1.811169] smpboot: Max logical packages: 1
[    1.836467] ..TIMER: vector=0x30 apic1=0 pin1=2 apic2=-1 pin2=-1
[    1.952121] smpboot: CPU0: Intel(R) Core(TM) i7-8565U CPU @ 1.80GHz (family: 0x6, model: 0x8e, stepping: 0xc)
[    1.965154] Performance Events: unsupported p6 CPU model 142 no PMU driver, software events only.
[    2.077975] KVM setup paravirtual spinlock
[    2.086062] x86: Booting SMP configuration:
[    2.091322] .... node  #0, CPUs:      #1
[    2.098411] kvm-clock: cpu 1, msr 0:3ffe3041, secondary cpu clock
[    2.106805] mce: CPU supports 0 MCE banks
[    2.112585] x86: Booted up 1 node, 2 CPUs
[    2.117728] smpboot: Total of 2 processors activated (7968.03 BogoMIPS)
[    2.129232] devtmpfs: initialized
[    2.136722] evm: security.selinux
[    2.141253] evm: security.SMACK64
[    2.145107] evm: security.SMACK64EXEC
[    2.149741] evm: security.SMACK64TRANSMUTE
[    2.155004] evm: security.SMACK64MMAP
[    2.159499] evm: security.ima
[    2.163753] evm: security.capability
[    2.169543] clocksource: jiffies: mask: 0xffffffff max_cycles: 0xffffffff, max_idle_ns: 7645041785100000 ns
[    2.180312] futex hash table entries: 512 (order: 3, 32768 bytes)
[    2.189287] pinctrl core: initialized pinctrl subsystem
[    2.196317] RTC time: 15:29:00, date: 02/08/23
[    2.203662] NET: Registered protocol family 16
[    2.218729] cpuidle: using governor ladder
[    2.233376] cpuidle: using governor menu
[    2.239614] PCCT header not found.
[    2.243822] ACPI: bus type PCI registered
[    2.247909] acpiphp: ACPI Hot Plug PCI Controller Driver version: 0.5
[    2.256064] PCI: Using configuration type 1 for base access
[    2.280302] ACPI: Added _OSI(Module Device)
[    2.285948] ACPI: Added _OSI(Processor Device)
[    2.290380] ACPI: Added _OSI(3.0 _SCP Extensions)
[    2.295446] ACPI: Added _OSI(Processor Aggregator Device)
[    2.302905] ACPI: Executed 1 blocks of module-level executable AML code
[    2.314985] ACPI: Interpreter enabled
[    2.319743] ACPI: (supports S0 S5)
[    2.323649] ACPI: Using IOAPIC for interrupt routing
[    2.329536] PCI: Using host bridge windows from ACPI; if necessary, use "pci=nocrs" and report a bug
[    2.348900] ACPI: PCI Root Bridge [PCI0] (domain 0000 [bus 00-ff])
[    2.357447] acpi PNP0A03:00: _OSC: OS supports [ASPM ClockPM Segments MSI]
[    2.366074] acpi PNP0A03:00: _OSC: not requesting OS control; OS requires [ExtendedConfig ASPM ClockPM MSI]
[    2.376745] acpi PNP0A03:00: fail to add MMCONFIG information, can't access extended PCI configuration space under this bridge.
[    2.391677] PCI host bridge to bus 0000:00
[    2.397292] pci_bus 0000:00: root bus resource [io  0x0000-0x0cf7 window]
[    2.406722] pci_bus 0000:00: root bus resource [io  0x0d00-0xffff window]
[    2.416988] pci_bus 0000:00: root bus resource [mem 0x000a0000-0x000bffff window]
[    2.427279] pci_bus 0000:00: root bus resource [mem 0x40000000-0xfdffffff window]
[    2.436363] pci_bus 0000:00: root bus resource [bus 00-ff]
[    2.452108] pci 0000:00:01.1: legacy IDE quirk: reg 0x10: [io  0x01f0-0x01f7]
[    2.462264] pci 0000:00:01.1: legacy IDE quirk: reg 0x14: [io  0x03f6]
[    2.470989] pci 0000:00:01.1: legacy IDE quirk: reg 0x18: [io  0x0170-0x0177]
[    2.481885] pci 0000:00:01.1: legacy IDE quirk: reg 0x1c: [io  0x0376]
[    2.527838] pci 0000:00:07.0: quirk: [io  0x4000-0x403f] claimed by PIIX4 ACPI
[    2.539007] pci 0000:00:07.0: quirk: [io  0x4100-0x410f] claimed by PIIX4 SMB
[    2.565366] ACPI: PCI Interrupt Link [LNKA] (IRQs 5 9 10 *11)
[    2.576319] ACPI: PCI Interrupt Link [LNKB] (IRQs 5 9 *10 11)
[    2.586486] ACPI: PCI Interrupt Link [LNKC] (IRQs 5 *9 10 11)
[    2.595712] ACPI: PCI Interrupt Link [LNKD] (IRQs 5 9 10 *11)
[    2.606495] ACPI: Enabled 2 GPEs in block 00 to 07
[    2.613184] vgaarb: setting as boot device: PCI:0000:00:02.0
[    2.644191] vgaarb: device added: PCI:0000:00:02.0,decodes=io+mem,owns=io+mem,locks=none
[    2.655002] vgaarb: loaded
[    2.658700] vgaarb: bridge control possible 0000:00:02.0
[    2.667905] SCSI subsystem initialized
[    2.675256] ACPI: bus type USB registered
[    2.679888] usbcore: registered new interface driver usbfs
[    2.688200] usbcore: registered new interface driver hub
[    2.693877] usbcore: registered new device driver usb
[    2.700750] PCI: Using ACPI for IRQ routing
[    2.706845] NetLabel: Initializing
[    2.710861] NetLabel:  domain hash size = 128
[    2.715602] NetLabel:  protocols = UNLABELED CIPSOv4
[    2.722581] NetLabel:  unlabeled traffic allowed by default
[    2.729390] amd_nb: Cannot enumerate AMD northbridges
[    2.736253] clocksource: Switched to clocksource kvm-clock
[    2.774772] AppArmor: AppArmor Filesystem Enabled
[    2.780275] pnp: PnP ACPI init
[    2.786283] pnp: PnP ACPI: found 3 devices
[    2.844989] clocksource: acpi_pm: mask: 0xffffff max_cycles: 0xffffff, max_idle_ns: 2085701024 ns
[    2.855682] NET: Registered protocol family 2
[    2.865045] TCP established hash table entries: 8192 (order: 4, 65536 bytes)
[    2.874021] TCP bind hash table entries: 8192 (order: 5, 131072 bytes)
[    2.881400] TCP: Hash tables configured (established 8192 bind 8192)
[    2.890317] UDP hash table entries: 512 (order: 2, 16384 bytes)
[    2.897015] UDP-Lite hash table entries: 512 (order: 2, 16384 bytes)
[    2.904681] NET: Registered protocol family 1
[    2.909800] pci 0000:00:00.0: Limiting direct PCI/PCI transfers
[    2.916499] pci 0000:00:01.0: Activating ISA DMA hang workarounds
[    2.925734] Unpacking initramfs...
[    3.391764] Freeing initrd memory: 14888K
[    3.407459] clocksource: tsc: mask: 0xffffffffffffffff max_cycles: 0x396d60e47b7, max_idle_ns: 881590624640 ns
[    3.434387] platform rtc_cmos: registered platform RTC device (no PNP device found)
[    3.446760] Scanning for low memory corruption every 60 seconds
[    3.457904] audit: initializing netlink subsys (disabled)
[    3.467184] audit: type=2000 audit(1675870145.753:1): initialized
[    3.476831] Initialise system trusted keyring
[    3.486101] HugeTLB registered 2 MB page size, pre-allocated 0 pages
[    3.501081] zbud: loaded
[    3.507566] VFS: Disk quotas dquot_6.6.0
[    3.514686] VFS: Dquot-cache hash table entries: 512 (order 0, 4096 bytes)
[    3.527007] squashfs: version 4.0 (2009/01/31) Phillip Lougher
[    3.537777] fuse init (API version 7.23)
[    3.545209] Key type big_key registered
[    3.552015] Allocating IMA MOK and blacklist keyrings.
[    3.575509] Key type asymmetric registered
[    3.581734] Asymmetric key parser 'x509' registered
[    3.588878] Block layer SCSI generic (bsg) driver version 0.4 loaded (major 249)
[    3.598379] io scheduler noop registered
[    3.604601] io scheduler deadline registered (default)
[    3.611791] io scheduler cfq registered
[    3.617726] pci_hotplug: PCI Hot Plug PCI Core version: 0.5
[    3.624733] pciehp: PCI Express Hot Plug Controller Driver version: 0.4
[    3.633558] ACPI: AC Adapter [AC] (on-line)
[    3.639193] input: Power Button as /devices/LNXSYSTM:00/LNXPWRBN:00/input/input0
[    3.648537] ACPI: Power Button [PWRF]
[    3.654114] input: Sleep Button as /devices/LNXSYSTM:00/LNXSLPBN:00/input/input1
[    3.662975] ACPI: Sleep Button [SLPF]
[    3.671030] ACPI: Battery Slot [BAT0] (battery present)
[    3.677898] GHES: HEST is not enabled!
[    3.682900] Serial: 8250/16550 driver, 32 ports, IRQ sharing enabled
[    3.721607] 00:02: ttyS0 at I/O 0x3f8 (irq = 4, base_baud = 115200) is a 16550A
[    3.734697] Linux agpgart interface v0.103
[    3.753076] loop: module loaded
[    3.760982] scsi host0: ata_piix
[    3.767179] scsi host1: ata_piix
[    3.772793] ata1: PATA max UDMA/33 cmd 0x1f0 ctl 0x3f6 bmdma 0xd000 irq 14
[    3.780431] ata2: PATA max UDMA/33 cmd 0x170 ctl 0x376 bmdma 0xd008 irq 15
[    3.790688] libphy: Fixed MDIO Bus: probed
[    3.798277] tun: Universal TUN/TAP device driver, 1.6
[    3.805511] tun: (C) 1999-2004 Max Krasnyansky <maxk@qualcomm.com>
[    3.813010] PPP generic driver version 2.4.2
[    3.818996] ehci_hcd: USB 2.0 'Enhanced' Host Controller (EHCI) Driver
[    3.826528] ehci-pci: EHCI PCI platform driver
[    3.831957] ehci-platform: EHCI generic platform driver
[    3.839940] ohci_hcd: USB 1.1 'Open' Host Controller (OHCI) Driver
[    3.847972] ohci-pci: OHCI PCI platform driver
[    3.854361] ohci-platform: OHCI generic platform driver
[    3.861716] uhci_hcd: USB Universal Host Controller Interface driver
[    3.869733] i8042: PNP: PS/2 Controller [PNP0303:PS2K,PNP0f03:PS2M] at 0x60,0x64 irq 1,12
[    3.885060] serio: i8042 KBD port at 0x60,0x64 irq 1
[    3.891903] serio: i8042 AUX port at 0x60,0x64 irq 12
[    3.898412] mousedev: PS/2 mouse device common for all mice
[    3.908139] input: AT Translated Set 2 keyboard as /devices/platform/i8042/serio0/input/input2
[    3.921113] rtc_cmos rtc_cmos: rtc core: registered rtc_cmos as rtc0
[    3.930861] rtc_cmos rtc_cmos: alarms up to one day, 114 bytes nvram
[    3.938895] i2c /dev entries driver
[    3.942924] device-mapper: uevent: version 1.0.3
[    4.016732] device-mapper: ioctl: 4.34.0-ioctl (2015-10-28) initialised: dm-devel@redhat.com
[    4.026942] ledtrig-cpu: registered to indicate activity on CPUs
[    4.037839] NET: Registered protocol family 10
[    4.043723] NET: Registered protocol family 17
[    4.048645] Key type dns_resolver registered
[    4.054845] registered taskstats version 1
[    4.059530] Loading compiled-in X.509 certificates
[    4.066021] Loaded X.509 cert 'Build time autogenerated kernel key: cf00e047681d67edb2720680708b7d9498083038'
[    4.076896] zswap: loaded using pool lzo/zbud
[    4.089796] Key type trusted registered
[    4.104607] Key type encrypted registered
[    4.109970] AppArmor: AppArmor sha1 policy hashing enabled
[    4.116020] ima: No TPM chip found, activating TPM-bypass!
[    4.123539] ima: Allocated hash algorithm: sha1
[    4.129287] evm: HMAC attrs: 0x1
[    4.134608]   Magic number: 11:93:487
[    4.140421] rtc_cmos rtc_cmos: setting system clock to 2023-02-08 15:29:02 UTC (1675870142)
[    4.150818] BIOS EDD facility v0.16 2004-Jun-25, 0 devices found
[    4.158169] EDD information not available.
[    4.166255] Freeing unused kernel memory: 1492K
[    4.172154] Write protecting the kernel read-only data: 14336k
[    4.180842] Freeing unused kernel memory: 1584K
[    4.187868] Freeing unused kernel memory: 52K
Loading, please wait...
starting version 229
[    4.228241] random: systemd-udevd: uninitialized urandom read (16 bytes read, 5 bits of entropy available)
[    4.229721] random: udevadm: uninitialized urandom read (16 bytes read, 5 bits of entropy available)
[    4.229741] random: udevadm: uninitialized urandom read (16 bytes read, 5 bits of entropy available)
[    4.246060] random: udevadm: uninitialized urandom read (16 bytes read, 5 bits of entropy available)
[    4.246111] random: udevadm: uninitialized urandom read (16 bytes read, 5 bits of entropy available)
[    4.246330] random: udevadm: uninitialized urandom read (16 bytes read, 5 bits of entropy available)
[    4.246396] random: udevadm: uninitialized urandom read (16 bytes read, 5 bits of entropy available)
[    4.246489] random: udevadm: uninitialized urandom read (16 bytes read, 5 bits of entropy available)
[    4.246550] random: udevadm: uninitialized urandom read (16 bytes read, 5 bits of entropy available)
[    4.246667] random: udevadm: uninitialized urandom read (16 bytes read, 5 bits of entropy available)
[    4.398402] Fusion MPT base driver 3.04.20
[    4.405117] Copyright (c) 1999-2008 LSI Corporation
[    4.412891] e1000: Intel(R) PRO/1000 Network Driver - version 7.3.21-k8-NAPI
[    4.424586] e1000: Copyright (c) 1999-2006 Intel Corporation.
[    4.490978] Fusion MPT SPI Host driver 3.04.20
[    5.000905] input: ImExPS/2 Generic Explorer Mouse as /devices/platform/i8042/serio1/input/input4
[    5.237671] e1000 0000:00:03.0 eth0: (PCI:33MHz:32-bit) 02:be:82:6b:cc:1d
[    5.245350] e1000 0000:00:03.0 eth0: Intel(R) PRO/1000 Network Connection
[    5.255843] mptbase: ioc0: Initiating bringup
[    5.331701] ioc0: LSI53C1030 A0: Capabilities={Initiator}
[    5.524983] scsi host2: ioc0: LSI53C1030 A0, FwRev=00000000h, Ports=1, MaxQ=256, IRQ=20
[    6.237496] scsi 2:0:0:0: Direct-Access     VBOX     HARDDISK         1.0  PQ: 0 ANSI: 5
[    6.244974] scsi target2:0:0: Beginning Domain Validation
[    6.257488] scsi target2:0:0: Domain Validation skipping write tests
[    6.263309] scsi target2:0:0: Ending Domain Validation
[    6.269219] scsi target2:0:0: asynchronous
[    6.281180] scsi 2:0:1:0: Direct-Access     VBOX     HARDDISK         1.0  PQ: 0 ANSI: 5
[    6.290943] scsi target2:0:1: Beginning Domain Validation
[    6.305634] scsi target2:0:1: Domain Validation skipping write tests
[    6.312694] scsi target2:0:1: Ending Domain Validation
[    6.318809] scsi target2:0:1: asynchronous
[    6.341463] sd 2:0:0:0: Attached scsi generic sg0 type 0
[    6.348127] sd 2:0:0:0: [sda] 83886080 512-byte logical blocks: (42.9 GB/40.0 GiB)
[    6.357356] sd 2:0:1:0: Attached scsi generic sg1 type 0
[    6.363933] sd 2:0:1:0: [sdb] 20480 512-byte logical blocks: (10.5 MB/10.0 MiB)
[    6.373758] sd 2:0:0:0: [sda] Write Protect is off
[    6.380750] sd 2:0:1:0: [sdb] Write Protect is off
[    6.386825] sd 2:0:0:0: [sda] Incomplete mode parameter data
[    6.393624] sd 2:0:0:0: [sda] Assuming drive cache: write through
[    6.401198] sd 2:0:1:0: [sdb] Incomplete mode parameter data
[    6.406827] sd 2:0:1:0: [sdb] Assuming drive cache: write through
[    6.429329]  sda: sda1
[    6.438987] sd 2:0:0:0: [sda] Attached SCSI disk
[    6.446938] sd 2:0:1:0: [sdb] Attached SCSI disk
[    7.010716] e1000 0000:00:08.0 eth1: (PCI:33MHz:32-bit) 08:00:27:01:69:4c
[    7.020640] e1000 0000:00:08.0 eth1: Intel(R) PRO/1000 Network Connection
[    7.032854] e1000 0000:00:08.0 enp0s8: renamed from eth1
[    7.230732] e1000 0000:00:03.0 enp0s3: renamed from eth0
Begin: Loading essential drivers ... [    9.407973] md: linear personality registered for level -1
[    9.423566] md: multipath personality registered for level -4
[    9.438753] md: raid0 personality registered for level 0
[    9.465326] md: raid1 personality registered for level 1
[    9.987925] raid6: sse2x1   gen() 56831 MB/s
[   10.989146] raid6: sse2x1   xor() 69463 MB/s
[   12.990127] raid6: sse2x2   gen() 115725 MB/s
[   14.987886] raid6: sse2x2   xor() 97427 MB/s
[   15.989692] raid6: sse2x4   gen() 156125 MB/s
[   16.078920] raid6: sse2x4   xor()  6407 MB/s
[   16.085213] raid6: using algorithm sse2x4 gen() 156125 MB/s
[   16.092689] raid6: .... xor() 6407 MB/s, rmw enabled
[   16.099225] raid6: using ssse3x2 recovery algorithm
[   16.111459] xor: measuring software checksum speed
[   16.217232]    prefetch64-sse: 38474.000 MB/sec
[   16.322588]    generic_sse: 37125.000 MB/sec
[   16.328643] xor: using function: prefetch64-sse (38474.000 MB/sec)
[   16.339219] async_tx: api initialized (async)
[   16.397230] md: raid6 personality registered for level 6
[   16.403504] md: raid5 personality registered for level 5
[   16.409821] md: raid4 personality registered for level 4
[   16.453640] md: raid10 personality registered for level 10
done.
Begin: Running /scripts/init-premount ... done.
Begin: Mounting root file system ... Begin: Running /scripts/local-top ... done.
Begin: Running /scripts/local-premount ... [   16.585172] Btrfs loaded
Scanning for Btrfs filesystems
done.
Warning: fsck not present, so skipping root file system
[   16.672979] EXT4-fs (sda1): mounted filesystem with ordered data mode. Opts: (null)
done.
Begin: Running /scripts/local-bottom ... done.
Begin: Running /scripts/init-bottom ... done.
[   16.925961] systemd[1]: systemd 229 running in system mode. (+PAM +AUDIT +SELINUX +IMA +APPARMOR +SMACK +SYSVINIT +UTMP +LIBCRYPTSETUP +GCRYPT +GNUTLS +ACL +XZ -LZ4 +SECCOMP +BLKID +ELFUTILS +KMOD -IDN)
[   16.952894] systemd[1]: Detected virtualization oracle.
[   16.961855] systemd[1]: Detected architecture x86-64.

Welcome to [1mUbuntu 16.04.7 LTS[0m!

[   16.986830] systemd[1]: Set hostname to <ubuntu-xenial>.
[   17.313232] systemd[1]: Listening on fsck to fsckd communication Socket.
[[0;32m  OK  [0m] Listening on fsck to fsckd communication Socket.
[   17.326960] systemd[1]: Listening on /dev/initctl Compatibility Named Pipe.
[[0;32m  OK  [0m] Listening on /dev/initctl Compatibility Named Pipe.
[   17.339995] systemd[1]: Listening on LVM2 metadata daemon socket.
[[0;32m  OK  [0m] Listening on LVM2 metadata daemon socket.
[   17.351787] systemd[1]: Created slice System Slice.
[[0;32m  OK  [0m] Created slice System Slice.
[   17.362503] systemd[1]: Created slice system-serial\x2dgetty.slice.
[[0;32m  OK  [0m] Created slice system-serial\x2dgetty.slice.
[   17.374133] systemd[1]: Listening on udev Kernel Socket.
[[0;32m  OK  [0m] Listening on udev Kernel Socket.
[   17.385654] systemd[1]: Listening on LVM2 poll daemon socket.
[[0;32m  OK  [0m] Listening on LVM2 poll daemon socket.
[   17.401797] systemd[1]: Listening on Journal Socket.
[[0;32m  OK  [0m] Listening on Journal Socket.
[   17.425769] systemd[1]: Mounting Debug File System...
         Mounting Debug File System...
[   17.443126] systemd[1]: Starting Load Kernel Modules...
         Starting Load Kernel Modules...
[   17.458630] systemd[1]: Starting Nameserver information manager...
         Starting Nameserver information manager...
[   17.487631] Loading iSCSI transport class v2.0-870.
[   17.513313] systemd[1]: Starting Uncomplicated firewall...
[   17.513313] iscsi: registered transport (tcp)
         Starting Uncomplicated firewall...
[   17.535208] systemd[1]: Listening on Journal Audit Socket.
[[0;32m  OK  [0m] Listening on Journal Audit Socket.
[   17.551149] systemd[1]: Starting Create list of required static device nodes for the current kernel...
         Starting Create list of required st... nodes for the current kernel...
[   17.571966] systemd[1]: Reached target Swap.
[[0;32m  OK  [0m] Reached target Swap.
[   17.597007] systemd[1]: Mounting POSIX Message Queue File System...
         Mounting POSIX Message Queue File System...
[   17.619476] systemd[1]: Listening on Journal Socket (/dev/log).
[[0;32m  OK  [0m] Listening on Journal Socket (/dev/log).
[   17.634297] systemd[1]: Started Trigger resolvconf update for networkd DNS.
[[0;32m  OK  [0m] Started Trigger resolvconf update for networkd DNS.
[   17.668723] systemd[1]: Mounting Huge Pages File System...
         Mounting Huge Pages File System...
[   17.682067] systemd[1]: Reached target System Time Synchronized.
[[0;32m  OK  [0m] Reached target System Time Synchronized.
[   17.698810] systemd[1]: Created slice User and Session Slice.
[[0;32m  OK  [0m] Created slice User and Session Slice.
[   17.719741] systemd[1]: Reached target Slices.
[   17.727743] iscsi: registered transport (iser)
[[0;32m  OK  [0m] Reached target Slices.
[   17.738529] systemd[1]: Listening on Device-mapper event daemon FIFOs.
[[0;32m  OK  [0m] Listening on Device-mapper event daemon FIFOs.
[   17.765029] systemd[1]: Starting Monitoring of LVM2 mirrors, snapshots etc. using dmeventd or progress polling...
         Starting Monitoring of LVM2 mirrors... dmeventd or progress polling...
[   17.793526] systemd[1]: Listening on Syslog Socket.
[[0;32m  OK  [0m] Listening on Syslog Socket.
[   17.817997] systemd[1]: Starting Journal Service...
         Starting Journal Service...
[   17.837001] systemd[1]: Listening on udev Control Socket.
[[0;32m  OK  [0m] Listening on udev Control Socket.
[   17.858649] systemd[1]: Starting Set console keymap...
         Starting Set console keymap...
[   17.884390] systemd[1]: Started Forward Password Requests to Wall Directory Watch.
[   17.895591] random: nonblocking pool is initialized
[[0;32m  OK  [0m] Started Forward Password Requests to Wall Directory Watch.
[   17.906826] systemd[1]: Set up automount Arbitrary Executable File Formats File System Automount Point.
[[0;32m  OK  [0m] Set up automount Arbitrary Executab...ats File System Automount Point.
[   17.925952] systemd[1]: Reached target User and Group Name Lookups.
[[0;32m  OK  [0m] Reached target User and Group Name Lookups.
[   17.937587] systemd[1]: Reached target Encrypted Volumes.
[[0;32m  OK  [0m] Reached target Encrypted Volumes.
[   17.977020] systemd[1]: Starting File System Check on Root Device...
         Starting File System Check on Root Device...
[   17.996297] systemd[1]: Mounted Huge Pages File System.
[[0;32m  OK  [0m] Mounted Huge Pages File System.
[   18.011183] systemd[1]: Mounted POSIX Message Queue File System.
[[0;32m  OK  [0m] Mounted POSIX Message Queue File System.
[   18.026204] systemd[1]: Mounted Debug File System.
[[0;32m  OK  [0m] Mounted Debug File System.
[   18.037670] systemd[1]: Started Journal Service.
[[0;32m  OK  [0m] Started Journal Service.
[[0;32m  OK  [0m] Started Load Kernel Modules.
[[0;32m  OK  [0m] Started Uncomplicated firewall.
[[0;32m  OK  [0m] Started Create list of required sta...ce nodes for the current kernel.
[[0;32m  OK  [0m] Started Set console keymap.
[[0;32m  OK  [0m] Started File System Check on Root Device.
[[0;32m  OK  [0m] Started Nameserver information manager.
[[0;32m  OK  [0m] Started File System Check Daemon to report status.
[[0;32m  OK  [0m] Started LVM2 metadata daemon.
         Starting Remount Root and Kernel File Systems...
[   18.138426] EXT4-fs (sda1): re-mounted. Opts: (null)
         Starting Create Static Device Nodes in /dev...
         Starting Apply Kernel Variables...
         Mounting FUSE Control File System...
[[0;32m  OK  [0m] Mounted FUSE Control File System.
[[0;32m  OK  [0m] Started Remount Root and Kernel File Systems.
[[0;32m  OK  [0m] Started Create Static Device Nodes in /dev.
[[0;32m  OK  [0m] Started Apply Kernel Variables.
         Starting udev Kernel Device Manager...
         Starting udev Coldplug all Devices...
         Starting Flush Journal to Persistent Storage...
         Starting Load/Save Random Seed...
[[0;32m  OK  [0m] Started Load/Save Random Seed.
[[0;32m  OK  [0m] Started udev Kernel Device Manager.
[[0;32m  OK  [0m] Started Flush Journal to Persistent Storage.
[[0;32m  OK  [0m] Started udev Coldplug all Devices.
[[0;32m  OK  [0m] Started Dispatch Password Requests to Console Directory Watch.
[[0;32m  OK  [0m] Started Monitoring of LVM2 mirrors,...ng dmeventd or progress polling.
[[0;32m  OK  [0m] Reached target Local File Systems (Pre).
[[0;32m  OK  [0m] Reached target Local File Systems.
         Starting Initial cloud-init job (pre-networking)...
         Starting LSB: AppArmor initialization...
         Starting Create Volatile Files and Directories...
         Starting Tell Plymouth To Write Out Runtime Data...
         Starting Set console font and keymap...
[[0;32m  OK  [0m] Started Tell Plymouth To Write Out Runtime Data.
[[0;32m  OK  [0m] Started Create Volatile Files and Directories.
         Starting Update UTMP about System Boot/Shutdown...
[[0;32m  OK  [0m] Found device /dev/ttyS0.
[[0;32m  OK  [0m] Started Update UTMP about System Boot/Shutdown.
[[0;32m  OK  [0m] Listening on Load/Save RF Kill Switch Status /dev/rfkill Watch.
[[0;32m  OK  [0m] Started LSB: AppArmor initialization.
         Starting Load AppArmor profiles managed internally by snapd...
[[0;32m  OK  [0m] Started Load AppArmor profiles managed internally by snapd.
[   19.304022] cloud-init[489]: Cloud-init v. 21.1-19-gbad84ad4-0ubuntu1~16.04.2 running 'init-local' at Wed, 08 Feb 2023 15:29:18 +0000. Up 18.71 seconds.
[[0;32m  OK  [0m] Started Initial cloud-init job (pre-networking).
[[0;32m  OK  [0m] Found device 82540EM Gigabit Ethern...r (PRO/1000 MT Desktop Adapter).
[[0;32m  OK  [0m] Found device 82540EM Gigabit Ethern...r (PRO/1000 MT Desktop Adapter).
[[0;32m  OK  [0m] Reached target Network (Pre).
[[0;32m  OK  [0m] Started ifup for enp0s8.
[[0;32m  OK  [0m] Started ifup for enp0s3.
         Starting Raise network interfaces...
[[0;32m  OK  [0m] Started Set console font and keymap.
[[0;32m  OK  [0m] Created slice system-getty.slice.
[[0;32m  OK  [0m] Started Raise network interfaces.
[[0;32m  OK  [0m] Reached target Network.
         Starting Initial cloud-init job (metadata service crawler)...
[   21.365827] cloud-init[1065]: Cloud-init v. 21.1-19-gbad84ad4-0ubuntu1~16.04.2 running 'init' at Wed, 08 Feb 2023 15:29:21 +0000. Up 21.03 seconds.
[   21.378880] cloud-init[1065]: ci-info: ++++++++++++++++++++++++++++++++++++++Net device info+++++++++++++++++++++++++++++++++++++++
[   21.390146] cloud-init[1065]: ci-info: +--------+------+-----------------------------+---------------+--------+-------------------+
[   21.401886] cloud-init[1065]: ci-info: | Device |  Up  |           Address           |      Mask     | Scope  |     Hw-Address    |
[   21.414119] cloud-init[1065]: ci-info: +--------+------+-----------------------------+---------------+--------+-------------------+
[[   21.426067] cloud-init[1065]: ci-info: | enp0s3 | True |          10.0.2.15          | 255.255.255.0 | global | 02:be:82:6b:cc:1d |
[   21.429023] cloud-init[1065]: ci-info: | enp0s3 | True |  fe80::be:82ff:fe6b:cc1d/64 |       .       |  link  | 02:be:82:6b:cc:1d |
[   21.429569] cloud-init[1065]: ci-info: | enp0s8 | True |        192.168.10.100       | 255.255.255.0 | global | 08:00:27:01:69:4c |
[   21.430201] cloud-init[1065]: ci-info: | enp0s8 | True | fe80::a00:27ff:fe01:694c/64 |       .       |  link  | 08:00:27:01:69:4c |
[   21.430639] cloud-init[1065]: ci-info: |   lo   | True |          127.0.0.1          |   255.0.0.0   |  host  |         .         |
[   21.431087] cloud-init[1065]: ci-info: |   lo   | True |           ::1/128           |       .       |  host  |         .         |
[   21.431566] cloud-init[1065]: ci-info: +--------+------+-----------------------------+---------------+--------+-------------------+
[   21.431681] cloud-init[1065]: ci-info: ++++++++++++++++++++++++++++Route IPv4 info++++++++++++++++++++++++++++
[   21.432712] cloud-init[1065]: ci-info: +-------+--------------+----------+---------------+-----------+-------+
[   21.433178] cloud-init[1065]: ci-info: | Route | Destination  | Gateway  |    Genmask    | Interface | Flags |
[   21.433642] cloud-init[1065]: ci-info: +-------+--------------+----------+---------------+-----------+-------+
[   21.434199] cloud-init[1065]: ci-info: |   0   |   0.0.0.0    | 10.0.2.2 |    0.0.0.0    |   enp0s3  |   UG  |
[   21.434669] cloud-init[1065]: ci-info: |   1   |   10.0.2.0   | 0.0.0.0  | 255.255.255.0 |   enp0s3  |   U   |
[   21.435866] cloud-init[1065]: ci-info: |   2   | 192.168.10.0 | 0.0.0.0  | 255.255.255.0 |   enp0s8  |   U   |
[   21.438189] cloud-init[1065]: ci-info: +-------+--------------+----------+---------------+-----------+-------+
[   21.438562] cloud-init[1065]: ci-info: +++++++++++++++++++Route IPv6 info+++++++++++++++++++
[   21.439050] cloud-init[1065]: ci-info: +-------+-------------+---------+-----------+-------+
[   21.439485] cloud-init[1065]: ci-info: | Route | Destination | Gateway | Interface | Flags |
[   21.439823] cloud-init[1065]: ci-info: +-------+-------------+---------+-----------+-------+
[   21.439895] cloud-init[1065]: ci-info: |   0   |  fe80::/64  |    ::   |   enp0s8  |   U   |
[   21.439978] cloud-init[1065]: ci-info: |   1   |  fe80::/64  |    ::   |   enp0s3  |   U   |
[   21.440049] cloud-init[1065]: ci-info: |   4   |   ff00::/8  |    ::   |   enp0s8  |   U   |
[   21.440416] cloud-init[1065]: ci-info: |   5   |   ff00::/8  |    ::   |   enp0s3  |   U   |
[   21.440510] cloud-init[1065]: ci-info: +-------+-------------+---------+-----------+-------+
[0;32m  OK  [0m] Started Initial cloud-init job (metadata service crawler).
[[0;32m  OK  [0m] Reached target System Initialization.
         Starting LXD - unix socket.
[[0;32m  OK  [0m] Started Daily Cleanup of Temporary Directories.
[[0;32m  OK  [0m] Started Ubuntu Advantage update messaging.
         Starting Socket activation for snappy daemon.
[[0;32m  OK  [0m] Started ACPI Events Check.
[[0;32m  OK  [0m] Reached target Paths.
[[0;32m  OK  [0m] Started Message of the Day.
[[0;32m  OK  [0m] Listening on UUID daemon activation socket.
[[0;32m  OK  [0m] Listening on ACPID Listen Socket.
[[0;32m  OK  [0m] Listening on D-Bus System Message Bus Socket.
[[0;32m  OK  [0m] Started Daily apt download activities.
[[0;32m  OK  [0m] Started Daily apt upgrade and clean activities.
[[0;32m  OK  [0m] Reached target Timers.
[[0;32m  OK  [0m] Reached target Network is Online.
         Starting iSCSI initiator daemon (iscsid)...
[[0;32m  OK  [0m] Reached target Cloud-config availability.
[[0;32m  OK  [0m] Listening on LXD - unix socket.
[[0;32m  OK  [0m] Listening on Socket activation for snappy daemon.
[[0;32m  OK  [0m] Reached target Sockets.
[[0;32m  OK  [0m] Reached target Basic System.
         Starting Accounts Service...
         Starting Virtualbox guest utils...
         Starting LXD - container startup/shutdown...
         Starting /etc/rc.local Compatibility...
[[0;32m  OK  [0m] Started ACPI event daemon.
         Starting LSB: MD monitoring daemon...
[[0;32m  OK  [0m] Started D-Bus System Message Bus.
         Starting LSB: Record successful boot for GRUB...
         Starting System Logging Service...
         Starting OpenBSD Secure Shell server...
[[0;32m  OK  [0m] Started Deferred execution scheduler.
         Starting Login Service...
[[0;32m  OK  [0m] Started Regular background program processing daemon.
[[0;32m  OK  [0m] Started FUSE filesystem for LXC.
         Starting Snap Daemon...
         Starting A high performance web server and a reverse proxy server...
[[0;32m  OK  [0m] Started System Logging Service.
[[0;32m  OK  [0m] Started iSCSI initiator daemon (iscsid).
[[0;32m  OK  [0m] Started LXD - container startup/shutdown.
[[0;32m  OK  [0m] Started /etc/rc.local Compatibility.
[[0;32m  OK  [0m] Started OpenBSD Secure Shell server.
         Starting Authenticate and Authorize Users to Run Privileged Tasks...
         Starting Login to default iSCSI targets...
[[0;32m  OK  [0m] Started Login Service.
[[0;32m  OK  [0m] Started Unattended Upgrades Shutdown.
[[0;32m  OK  [0m] Started LSB: Record successful boot for GRUB.
[[0;32m  OK  [0m] Started LSB: MD monitoring daemon.
[[0;32m  OK  [0m] Started Login to default iSCSI targets.
[[0;32m  OK  [0m] Reached target Remote File Systems (Pre).
         Mounting /home/vagrant/app...
         Mounting /vagrant...
[[0;32m  OK  [0m] Started Authenticate and Authorize Users to Run Privileged Tasks.
[[0;32m  OK  [0m] Started Accounts Service.
[[0;32m  OK  [0m] Started A high performance web server and a reverse proxy server.
[[0;1;31mFAILED[0m] Failed to mount /vagrant.
See 'systemctl status vagrant.mount' for details.
[[0;1;33mDEPEND[0m] Dependency failed for Remote File Systems.
[[0;1;31mFAILED[0m] Failed to mount /home/vagrant/app.
See 'systemctl status home-vagrant-app.mount' for details.
         Starting LSB: Set the CPU Frequency Scaling governor to "ondemand"...
         Starting Permit User Sessions...
         Starting LSB: daemon to balance interrupts for SMP systems...
         Starting LSB: automatic crash report generation...
[[0;32m  OK  [0m] Started Permit User Sessions.
         Starting Terminate Plymouth Boot Screen...
         Starting Hold until boot process finishes up...
[[0;32m  OK  [0m] Started Terminate Plymouth Boot Screen.
[[0;32m  OK  [0m] Started Hold until boot process finishes up.
[[0;32m  OK  [0m] Started Serial Getty on ttyS0.
         Starting Set console scheme...
[[0;32m  OK  [0m] Started Getty on tty1.
[[0;32m  OK  [0m] Reached target Login Prompts.
[[0;32m  OK  [0m] Started LSB: Set the CPU Frequency Scaling governor to "ondemand".
[[0;32m  OK  [0m] Started LSB: automatic crash report generation.
[[0;32m  OK  [0m] Started Set console scheme.
[[0;32m  OK  [0m] Started LSB: daemon to balance interrupts for SMP systems.
[[0;32m  OK  [0m] Started Virtualbox guest utils.
[[0;32m  OK  [0m] Started Snap Daemon.
         Starting Wait until snapd is fully seeded...
[[0;32m  OK  [0m] Started Wait until snapd is fully seeded.
         Starting Apply the settings specified in cloud-config...
[[0;32m  OK  [0m] Reached target Multi-User System.
[[0;32m  OK  [0m] Reached target Graphical Interface.
         Starting Update UTMP about System Runlevel Changes...
[[0;32m  OK  [0m] Started Update UTMP about System Runlevel Changes.
[   24.224423] cloud-init[1340]: Cloud-init v. 21.1-19-gbad84ad4-0ubuntu1~16.04.2 running 'modules:config' at Wed, 08 Feb 2023 15:29:24 +0000. Up 24.05 seconds.
[[0;32m  OK  [0m] Started Apply the settings specified in cloud-config.
         Starting Execute cloud user/final scripts...
[   24.861195] cloud-init[1353]: Cloud-init v. 21.1-19-gbad84ad4-0ubuntu1~16.04.2 running 'modules:final' at Wed, 08 Feb 2023 15:29:24 +0000. Up 24.69 seconds.
[   24.870329] cloud-init[1353]: Cloud-init v. 21.1-19-gbad84ad4-0ubuntu1~16.04.2 finished at Wed, 08 Feb 2023 15:29:24 +0000. Datasource DataSourceNoCloud [seed=/dev/sdb][dsmode=net].  Up 24.85 seconds
[[0;32m  OK  [0m] Started Execute cloud user/final scripts.
[[0;32m  OK  [0m] Reached target Cloud-init target.

Ubuntu 16.04.7 LTS ubuntu-xenial ttyS0

ubuntu-xenial login: 